# Enable DNS over TLS

$ resolvectl status

$ sudo nano /etc/systemd/resolved.conf

# Add these lines

DNS=1.1.1.1 2606:4700:4700::1111
FallbackDNS=1.0.0.1 2606:4700:4700::1001
DNSOverTLS=yes
DNSSEC=yes
Cache=yes
DNSStubListener=yes

# Alternatively or additionally, you can use Google's DNS
# 8.8.8.8 and 8.8.4.4
# 2001:4860:4860::8888 and 2001:4860:4860::8844

$ sudo systemctl restart NetworkManager


# Log spamming from powersave

$ sudo nano /etc/NetworkManager/conf.d/default-wifi-powersave-on.conf

[connection]
wifi.powersave = 2


# ICMP protection

$ sudo nano /etc/sysctl.d/90-network.conf

# Disable Magic Sysrq
kernel.sysrq = 0

# Ignore broadcast ICMP echo requests
net.ipv4.icmp_echo_ignore_broastcasts = 1

# Enable TCP selective acknowledgement
net.ipv4.tcp_sack = 1

# Reduce log bloat
net.ipv4.icmp_ignore_bogus_error_responses = 1

# Reverse path filter (IP spoofing mitigation)
net.ipv4.conf.default.rp_filter = 1
net.ipv4.conf.all.rp_filter = 1

# Not a router
net.ipv4.conf.all.accept_source_route = 0
net.ipv6.conf.all.accept_source_route = 0
net.ipv4.conf.all.send_redirects = 0
net.ipv4.conf.default.send_redirects = 0

# Refuse ICMP redirects (MITM mitigation)
net.ipv4.conf.all.accept_redirects = 0
net.ipv4.conf.default.accept_redirects = 0
net.ipv4.conf.all.secure_redirects = 0
net.ipv4.conf.default.secure_redirects = 0
net.ipv6.conf.all.accept_redirects = 0
net.ipv6.conf.default.accept_redirects = 0

# Do not act as a router
net.ipv4.ip_forward = 0
net.ipv6.conf.all.forwarding = 0

# SYN flood protection
net.ipv4.tcp_syncookies = 1
net.ipv4.route.flush = 1
net.ipv6.route.flush = 1

# TIME-WAIT assassination protection (incomplete)
net.ipv4.tcp_rfc1337 = 1

# TCP fast open for incoming and outgoing connections
net.ipv4.tcp_fastopen = 3

# Bufferbloat mitigation
# net.ipv4.tcp_congestion_control = bbr
# net.core.default_qdisc = cake

$ sysctl --system

# QEMU/KVM setup

sudo systemctl enable libvirtd
sudo echo "options kvm_amd sev=1" >> /etc/modprobe.d/amd-sev.conf
sudo systemctl enable --now tuned
sudo tuned-adm profile virtual-host
sudo usermod -aG libvirt $USER
EXPORT LIBVIRT_DEFAULT_URI="qemu:///system"
sudo setfacl -R -b /var/lib/libvirt/images/
sudo setfacl -R -m u:${USER}:rwX /var/lib/libvirt/images/

# change root shell to nologin
$ usermod root -s /usr/bin/nologin

# Update netdata
$ sudo wget -O /tmp/netdata-kickstart.sh https://get.netdata.cloud/kickstart.sh && sh /tmp/netdata-kickstart.sh --no-updates

# Simple ufw rules
sudo systemctl enable ufw
sudo systemctl start ufw
sudo ufw default deny
sudo ufw allow from 192.168.0.0/24
sudo ufw limit ssh

sudo systemctl enable sshd
sudo systemctl start sshd

# Facebook ASN
AS32934
AS54115
AS63293

# After zen-kernel install and reboot
sudo bootctl set-default @current

# Add kernel parameters
kvm_amd.sev=1 loglevel=7 memencrypt=on splash apparmor=1 security=apparmor audit=1

echo "option kvm_amd nested=1" | sudo tee /etc/modprobe.d/kvm-amd.conf

hyprpm add https://github.com/daxisunder/hyprfocus

git clone https://github.com/Aloxaf/fzf-tab ~/git
git clone https://github.com/tmux-plugins/tpm ~/.tmux/plugins/tpm


gh repo clone o2sh/onefetch

sudo groupadd -g 1337 plugdev
sudo groupadd -g 6969 njekt
